21,1,LOGIN_FAILED_WRONG_PASSWORD,Database Admin
21,1,LOGIN_FAILED_WRONG_PASSWORD,Database Admin
21,1,LOGIN_FAILED_WRONG_PASSWORD,Database Admin
21,1,LOGIN_FAILED_WRONG_PASSWORD,Database Admin
21,1,LOGIN_FAILED_NO_USER,Unknown
21,1,LOGIN_FAILED_WRONG_PASSWORD,App Developer
21,1,LOGIN_FAILED_WRONG_PASSWORD,Database Admin
22,1,LOGIN_SUCCESS,Database Admin
22,1,LOGIN_SUCCESS,Database Admin
23,1,OAUTH_LOGIN_SUCCESS,heshonlive12@gmail.com
0,1,OAUTH_LOGIN_SUCCESS,Database Admin
1,1,OAUTH_LOGIN_SUCCESS,Database Admin
1,1,OAUTH_LOGIN_SUCCESS,Database Admin
2,1,OAUTH_LOGIN_SUCCESS,Database Admin
2,1,OAUTH_LOGIN_SUCCESS,Database Admin
2,1,OAUTH_LOGIN_SUCCESS,Database Admin
2,1,OAUTH_LOGIN_SUCCESS,Database Admin
2,1,OAUTH_LOGIN_SUCCESS,Database Admin
2,1,OAUTH_LOGIN_SUCCESS,Database Admin
2,1,OAUTH_LOGIN_SUCCESS,Database Admin
2,1,OAUTH_LOGIN_SUCCESS,Database Admin
2,1,OAUTH_LOGIN_SUCCESS,Database Admin
2,1,OAUTH_LOGIN_SUCCESS,Database Admin
2,1,OAUTH_LOGIN_SUCCESS,Database Admin
2,1,OAUTH_LOGIN_SUCCESS,Database Admin
2,1,OAUTH_LOGIN_SUCCESS,Database Admin
12,1,OAUTH_LOGIN_SUCCESS,Database Admin
12,1,OAUTH_LOGIN_SUCCESS,Database Admin
12,1,OAUTH_LOGIN_SUCCESS,Database Admin
12,1,OAUTH_LOGIN_SUCCESS,Database Admin
12,1,OAUTH_LOGIN_SUCCESS,Database Admin
14,1,OAUTH_LOGIN_SUCCESS,Database Admin
14,1,OAUTH_LOGIN_SUCCESS,Database Admin
14,1,OAUTH_LOGIN_SUCCESS,Database Admin
0,1,OAUTH_LOGIN_SUCCESS,Database Admin
0,1,OAUTH_LOGIN_SUCCESS,Database Admin
0,1,OAUTH_LOGIN_SUCCESS,Network Engineer
0,1,OAUTH_LOGIN_SUCCESS,Database Admin
1,1,OAUTH_LOGIN_SUCCESS,Network Engineer
1,1,OAUTH_LOGIN_SUCCESS,Database Admin
1,1,OAUTH_LOGIN_SUCCESS,Network Engineer
1,1,OAUTH_LOGIN_SUCCESS,Database Admin
1,1,OAUTH_LOGIN_SUCCESS,Database Admin
1,1,OAUTH_LOGIN_SUCCESS,Network Engineer
1,1,OAUTH_LOGIN_SUCCESS,Database Admin
1,1,OAUTH_LOGIN_SUCCESS,Database Admin
1,1,OAUTH_LOGIN_SUCCESS,Network Engineer
1,1,OAUTH_LOGIN_SUCCESS,Network Engineer
2,1,OAUTH_LOGIN_SUCCESS,Database Admin
2,1,OAUTH_LOGIN_SUCCESS,Database Admin
15,1,OAUTH_LOGIN_SUCCESS,Database Admin
15,1,OAUTH_LOGIN_SUCCESS,Network Engineer
15,1,OAUTH_LOGIN_SUCCESS,Database Admin
15,1,OAUTH_LOGIN_SUCCESS,Network Engineer
15,1,OAUTH_LOGIN_SUCCESS,Database Admin
15,1,OAUTH_LOGIN_SUCCESS,Network Engineer
15,1,OAUTH_LOGIN_SUCCESS,Database Admin
15,1,OAUTH_LOGIN_SUCCESS,Database Admin
17,1,OAUTH_LOGIN_SUCCESS,Database Admin
20,1,OAUTH_LOGIN_SUCCESS,Database Admin
21,1,OAUTH_LOGIN_SUCCESS,Network Engineer
23,1,OAUTH_LOGIN_SUCCESS,Database Admin
1,1,OAUTH_LOGIN_SUCCESS,Database Admin
1,1,OAUTH_LOGIN_SUCCESS,Database Admin
1,1,OAUTH_LOGIN_SUCCESS,Network Engineer
17,1,OAUTH_LOGIN_SUCCESS,Database Admin
17,1,OAUTH_LOGIN_SUCCESS,Network Engineer
23,1,OAUTH_LOGIN_SUCCESS,Database Admin
0,1,OAUTH_LOGIN_SUCCESS,Network Engineer
1,1,OAUTH_LOGIN_SUCCESS,Database Admin
1,1,OAUTH_LOGIN_SUCCESS,Network Engineer
1,1,OAUTH_LOGIN_SUCCESS,Network Engineer
2,1,OAUTH_LOGIN_SUCCESS,Network Engineer
19,1,OAUTH_LOGIN_SUCCESS,Database Admin
20,1,OAUTH_LOGIN_SUCCESS,Network Engineer
20,1,OAUTH_LOGIN_SUCCESS,Database Admin
20,1,OAUTH_LOGIN_SUCCESS,Network Engineer
20,1,OAUTH_LOGIN_SUCCESS,Database Admin
21,1,OAUTH_LOGIN_SUCCESS,Network Engineer
14,1,OAUTH_LOGIN_SUCCESS,Database Admin
14,1,OAUTH_LOGIN_SUCCESS,Network Engineer
17,1,LOGIN_SUCCESS,App Developer
17,1,LOGIN_SUCCESS,Database Admin
17,1,LOGIN_SUCCESS,System Admin
17,1,LOGIN_SUCCESS,App Developer
17,1,LOGIN_SUCCESS,Database Admin
17,1,LOGIN_SUCCESS,System Admin
17,1,LOGIN_SUCCESS,App Developer
17,1,LOGIN_SUCCESS,Database Admin
17,1,LOGIN_SUCCESS,System Admin
17,1,LOGIN_SUCCESS,System Admin
17,1,LOGIN_SUCCESS,App Developer
17,1,LOGIN_SUCCESS,Database Admin
17,1,LOGIN_SUCCESS,System Admin
17,1,LOGIN_SUCCESS,App Developer
17,1,LOGIN_SUCCESS,Database Admin
17,1,LOGIN_SUCCESS,System Admin
17,1,LOGIN_SUCCESS,System Admin
18,1,LOGIN_SUCCESS,App Developer
18,1,LOGIN_SUCCESS,Database Admin
18,1,LOGIN_SUCCESS,System Admin
18,1,LOGIN_SUCCESS,Network Engineer
18,1,LOGIN_SUCCESS,System Admin
18,1,LOGIN_SUCCESS,App Developer
18,1,LOGIN_SUCCESS,Database Admin
18,1,LOGIN_SUCCESS,System Admin
18,1,OAUTH_LOGIN_SUCCESS,System Admin
18,1,LOGIN_SUCCESS,Network Engineer
18,1,LOGIN_SUCCESS,Database Admin
18,1,LOGIN_SUCCESS,Database Admin
18,1,LOGIN_SUCCESS,Database Admin
18,1,OAUTH_LOGIN_SUCCESS,System Admin
19,1,LOGIN_SUCCESS,System Admin
19,1,LOGIN_FAILED_WRONG_PASSWORD,System Admin
19,1,LOGIN_SUCCESS,System Admin
19,1,LOGIN_SUCCESS,Network Engineer
19,1,LOGIN_SUCCESS,System Admin
19,1,LOGIN_SUCCESS,System Admin
19,1,LOGIN_SUCCESS,Junior Auditor
19,1,LOGIN_FAILED_WRONG_PASSWORD,System Admin
19,1,LOGIN_FAILED_WRONG_PASSWORD,System Admin
19,1,LOGIN_FAILED_WRONG_PASSWORD,System Admin
19,1,LOGIN_SUCCESS,System Admin
19,1,LOGIN_SUCCESS,System Admin
19,1,LOGIN_SUCCESS,Junior Auditor
19,1,LOGIN_SUCCESS,System Admin
19,1,LOGIN_FAILED_WRONG_PASSWORD,System Admin
19,1,LOGIN_SUCCESS,System Admin
19,1,LOGIN_SUCCESS,Network Engineer
19,1,LOGIN_SUCCESS,System Admin
19,1,LOGIN_SUCCESS,System Admin
19,1,LOGIN_SUCCESS,Junior Auditor
19,1,LOGIN_SUCCESS,App Developer
19,1,LOGIN_SUCCESS,Database Admin
19,1,LOGIN_SUCCESS,System Admin
19,1,LOGIN_SUCCESS,System Admin
19,1,LOGIN_SUCCESS,System Admin
19,1,LOGIN_FAILED_WRONG_PASSWORD,System Admin
19,1,LOGIN_SUCCESS,System Admin
19,1,LOGIN_SUCCESS,Network Engineer
19,1,LOGIN_SUCCESS,System Admin
19,1,LOGIN_SUCCESS,System Admin
19,1,LOGIN_SUCCESS,Junior Auditor
19,1,LOGIN_SUCCESS,System Admin
19,1,LOGIN_SUCCESS,Database Admin
19,1,LOGIN_SUCCESS,Network Engineer
19,1,LOGIN_SUCCESS,App Developer
19,1,LOGIN_SUCCESS,Database Admin
19,1,LOGIN_SUCCESS,System Admin
19,1,OAUTH_LOGIN_SUCCESS,System Admin
19,1,LOGIN_SUCCESS,Security Auditor (Least Privilege)
20,1,LOGIN_FAILED_WRONG_PASSWORD,Security Auditor (Least Privilege)
20,1,LOGIN_SUCCESS,System Admin
20,1,LOGIN_SUCCESS,System Admin
20,1,LOGIN_FAILED_WRONG_PASSWORD,System Admin
20,1,LOGIN_SUCCESS,System Admin
20,1,LOGIN_SUCCESS,Network Engineer
20,1,LOGIN_SUCCESS,System Admin
20,1,LOGIN_SUCCESS,System Admin
20,1,LOGIN_SUCCESS,Junior Auditor
20,1,LOGIN_SUCCESS,System Admin
20,1,LOGIN_SUCCESS,Database Admin
20,1,LOGIN_SUCCESS,Network Engineer
20,1,OAUTH_LOGIN_SUCCESS,System Admin
2,1,OAUTH_LOGIN_SUCCESS,System Admin
2,1,LOGIN_SUCCESS,Database Admin
2,1,LOGIN_FAILED_WRONG_PASSWORD,System Admin
2,1,OAUTH_LOGIN_SUCCESS,System Admin
10,1,OAUTH_LOGIN_SUCCESS,System Admin
10,1,OAUTH_LOGIN_SUCCESS,System Admin
10,1,OAUTH_LOGIN_SUCCESS,System Admin
10,1,LOGIN_SUCCESS,Network Engineer
10,1,LOGIN_SUCCESS,App Developer
10,1,LOGIN_SUCCESS,App Developer
10,1,OAUTH_LOGIN_SUCCESS,System Admin
11,1,OAUTH_LOGIN_SUCCESS,System Admin
11,1,LOGIN_SUCCESS,Network Engineer
11,1,LOGIN_SUCCESS,App Developer
11,1,LOGIN_SUCCESS,Database Admin
11,1,LOGIN_SUCCESS,System Admin
11,1,LOGIN_SUCCESS,System Admin
11,1,LOGIN_FAILED_WRONG_PASSWORD,System Admin
11,1,LOGIN_SUCCESS,System Admin
11,1,LOGIN_SUCCESS,Network Engineer
11,1,LOGIN_SUCCESS,System Admin
11,1,LOGIN_SUCCESS,System Admin
11,1,LOGIN_SUCCESS,Junior Auditor
11,1,LOGIN_SUCCESS,System Admin
11,1,LOGIN_SUCCESS,Database Admin
11,1,LOGIN_SUCCESS,Network Engineer
11,1,LOGIN_SUCCESS,System Admin
11,1,OAUTH_LOGIN_SUCCESS,System Admin
12,1,LOGIN_SUCCESS,System Admin
12,1,LOGIN_SUCCESS,App Developer
12,1,LOGIN_SUCCESS,Database Admin
12,1,LOGIN_SUCCESS,System Admin
12,1,OAUTH_LOGIN_SUCCESS,System Admin
